// Jest Snapshot v1, https://goo.gl/fbAQLP

exports[`Pruebas en Entry Component debe de hacer match con el snapshot 1`] = `
<div class="entry-container mb-3 pointer p-2">
  <!-- Titulo -->
  <div class="entry-title d-flex"><span class="text-success fs-5 fw-bold">30</span><span class="mx-1 fs-5">Septiembre</span><span class="mx-2 fw-light">2022, Viernes</span></div>
  <div class="entry-description">dsdasd s dsadas dasgh 454 fgdf</div>
</div>
`;
